ninja: Entering directory `build'
[1/19] cd /home/flax/games/openspacettd && /usr/bin/cmake -DFIND_VERSION_BINARY_DIR=/home/flax/games/openspacettd/build/generated -DCPACK_BINARY_DIR=/home/flax/games/openspacettd/build -DREV_MAJOR=16 -DREV_MINOR=0 -DWINDOWS= -DDOXYGEN_WARN_FORMAT_LINE=line -DDOXYGEN_WARN_FILE= -DDOXYGEN_GS_WARN_FILE= -DDOXYGEN_AI_WARN_FILE= -P /home/flax/games/openspacettd/cmake/scripts/FindVersion.cmake
-- Version string: 20260915-portal-gate-lifecycle-crashes-mabbcd7e077
-- Generating rev.cpp
-- Generating CPackProperties.cmake
-- Generating Doxyfile
-- Generating Doxyfile_AI
-- Generating Doxyfile_GS
[2/18] Building CXX object CMakeFiles/openttd_lib.dir/src/saveload/planet_sl.cpp.o
[3/18] Building CXX object CMakeFiles/openttd_lib.dir/src/saveload/afterload.cpp.o
[4/18] Building CXX object CMakeFiles/openttd_lib.dir/src/economy.cpp.o
[5/18] Building CXX object CMakeFiles/openttd_lib.dir/src/console_cmds.cpp.o
[6/18] Building CXX object CMakeFiles/openttd_lib.dir/src/misc.cpp.o
[7/18] Building CXX object CMakeFiles/openttd_lib.dir/src/portal/corporate_hq_gui.cpp.o
[8/18] Building CXX object CMakeFiles/openttd_lib.dir/src/portal/logistics_hub.cpp.o
[9/18] Building CXX object CMakeFiles/openttd_lib.dir/src/portal/production_chain.cpp.o
[10/18] Building CXX object CMakeFiles/openttd_lib.dir/src/portal/portal_cmd.cpp.o
[11/18] Building CXX object CMakeFiles/openttd_lib.dir/src/station.cpp.o
[12/18] Building CXX object CMakeFiles/openttd_lib.dir/src/station_gui.cpp.o
[13/18] Building CXX object CMakeFiles/openttd_lib.dir/src/station_cmd.cpp.o
[14/18] Linking CXX executable openttd
[15/18] Building CXX object CMakeFiles/openttd_test.dir/src/tests/test_sprint36_all_features_uat.cpp.o
[16/18] Building CXX object CMakeFiles/openttd_test.dir/src/tests/test_sprint39_corporate_hq_and_stockpile.cpp.o
[17/18] Building CXX object CMakeFiles/openttd_test.dir/src/tests/test_sprint42_production_chains.cpp.o
[18/18] Linking CXX executable openttd_test
