Filters: Blueprint depot quote matches execution

~~~~~~~~~~~~~~~~~~~~~~~~~~~~~~~~~~~~~~~~~~~~~~~~~~~~~~~~~~~~~~~~~~~~~~~~~~~~~~~
openttd_test is a Catch v2.13.10 host application.
Run with -? for options

-------------------------------------------------------------------------------
Blueprint depot quote matches execution
-------------------------------------------------------------------------------
/home/flax/games/openspacettd/src/tests/test_blueprint.cpp:473
...............................................................................

/home/flax/games/openspacettd/src/tests/test_blueprint.cpp:491: FAILED:
  CHECK( query.GetCost() == canonical.GetCost() )
with expansion:
  500 == 600

/home/flax/games/openspacettd/src/tests/test_blueprint.cpp:494: FAILED:
  CHECK( query.GetCost() == execute.GetCost() )
with expansion:
  500 == 600

===============================================================================
test cases:  1 | 1 failed
assertions: 11 | 9 passed | 2 failed

