{
    "crash": {
        "id": 6,
        "reason": "Aborted"
    },
    "date": "2026-09-09 21:25:35 (UTC)",
    "game": {
        "companies": {
            "0": {
                "infrastructure": {
                    "airport": 0,
                    "rail": 9,
                    "road": 0,
                    "signal": 0,
                    "station": 0,
                    "tram": 0,
                    "water": 0
                },
                "type": "human",
                "vehicles": {
                    "aircraft": 0,
                    "roadveh": 0,
                    "ship": 0,
                    "train": 0
                }
            }
        },
        "current_company": 0,
        "game_script": null,
        "gamelog": [
            "---- gamelog start ----",
            "Tick 0: new game started",
            "Revision text changed to m3f3424e751bf54e02739601ac0505cc088ef1df0, savegame version 367, modified, _openttd_newgrf_version = 0x20006d64",
            "New game mode: 1 landscape: 0",
            "---- gamelog end ----"
        ],
        "grfs": null,
        "local_company": 0,
        "news": [],
        "settings_changed": {
            "construction.map_height_limit": "30",
            "difficulty.industry_density": "2",
            "display_opt": "SHOW_TOWN_NAMES|SHOW_STATION_NAMES|SHOW_SIGNS|WAYPOINTS",
            "game_creation.generation_seed": "9032026",
            "game_creation.map_x": "10",
            "game_creation.map_y": "9",
            "gui.autosave_interval": "0",
            "gui.autosave_on_exit": "true",
            "language": "\"english.lng\"",
            "last_newgrf_count": "0",
            "linkgraph.recalc_interval": "16",
            "linkgraph.recalc_time": "64",
            "music.custom_1": "0,0,0,0,0,0,0,0,0,0,0,0,0,0,0,0,0,0,0,0,0,0,0,0,0,0,0,0,0,0,0,0,0",
            "music.custom_2": "0,0,0,0,0,0,0,0,0,0,0,0,0,0,0,0,0,0,0,0,0,0,0,0,0,0,0,0,0,0,0,0,0",
            "resolution": "640,480"
        },
        "timers": {
            "calendar": "1950-01-10 (34)",
            "economy": "1950-01-10 (34)",
            "ticks": 1980
        }
    },
    "info": {
        "compiler": {
            "extra": "13.3.0",
            "name": "GCC",
            "version": "13.3.0"
        },
        "configuration": {
            "blitter": "null",
            "graphics_set": "OpenGFX.7938",
            "graphics_set_parameters": [],
            "language": {
                "filename": "english.lng",
                "isocode": "en_GB",
                "name": "English (UK)"
            },
            "music_driver": "null",
            "music_set": "OpenMSX.7974",
            "network": "no",
            "sound_driver": "null",
            "sound_set": "OpenSFX.7974",
            "video_driver": "null",
            "video_info": "null"
        },
        "font": {
            "large": "OpenTTD Serif, Regular",
            "medium": "OpenTTD Sans, Bold",
            "mono": "sprite",
            "small": "OpenTTD Small, Regular"
        },
        "libraries": {
            "curl": "8.5.0",
            "curl_ssl": "OpenSSL/3.0.13",
            "fontconfig": "2.15.0",
            "freetype": "2.13.2",
            "harfbuzz": "8.3.0",
            "icu_i18n": "74.2",
            "lzma": "5.4.5",
            "lzo": "2.10",
            "png": "1.6.43",
            "sdl2": "2.30.0",
            "zlib": "1.3"
        },
        "openttd": {
            "bits": 64,
            "build_date": "Sep 10 2026 06:12:35",
            "dedicated_build": "no",
            "endian": "little",
            "version": {
                "content": "16.0",
                "hash": "3f3424e751bf54e02739601ac0505cc088ef1df0",
                "modified": 2,
                "newgrf": "20006D64",
                "revision": "20260909-main-m3f3424e751",
                "tagged": 0
            }
        },
        "os": {
            "hardware_concurrency": 8,
            "machine": "x86_64",
            "memory": "24 GiB",
            "os": "Linux",
            "release": "6.8.0-139-generic",
            "version": "#139-Ubuntu SMP PREEMPT_DYNAMIC Sat Aug  1 03:52:05 UTC 2026"
        },
        "plugins": null
    },
    "schema": 1,
    "session": {
        "id": "C3EAFF7BAF6E08A75FAF304E8BE0D21B",
        "savegame_size": 552120,
        "seconds": 0
    },
    "stacktrace": [
        "./build/openttd(_ZNK12CrashLogUnix16SurveyStacktraceERN8nlohmann16json_abi_v3_11_310basic_jsonISt3mapSt6vectorNSt7__cxx1112basic_stringIcSt11char_traitsIcESaIcEEEblmdSaNS1_14adl_serializerES4_IhSaIhEEvEE+0x45) [0x650346a7b079]",
        "./build/openttd(+0x1beb939) [0x650346d50939]",
        "./build/openttd(+0x1bf2e12) [0x650346d57e12]",
        "./build/openttd(+0x1bf1080) [0x650346d56080]",
        "./build/openttd(+0x1bef814) [0x650346d54814]",
        "./build/openttd(_ZNKSt8functionIFbvEEclEv+0x36) [0x650346a7b8c8]",
        "./build/openttd(_ZN12CrashLogUnix10TryExecuteESt17basic_string_viewIcSt11char_traitsIcEEOSt8functionIFbvEE+0x173) [0x650346a7b343]",
        "./build/openttd(_ZN8CrashLog12FillCrashLogEv+0x276) [0x650346d50ed4]",
        "./build/openttd(_ZN8CrashLog12MakeCrashLogEv+0x7a) [0x650346d531ee]",
        "./build/openttd(+0x1915bb0) [0x650346a7abb0]",
        "/lib/x86_64-linux-gnu/libc.so.6(+0x45330) [0x7f08b9245330]",
        "/lib/x86_64-linux-gnu/libc.so.6(pthread_kill+0x11c) [0x7f08b929ec0c]",
        "/lib/x86_64-linux-gnu/libc.so.6(gsignal+0x1e) [0x7f08b924527e]",
        "/lib/x86_64-linux-gnu/libc.so.6(abort+0xdf) [0x7f08b92288ff]",
        "/lib/x86_64-linux-gnu/libc.so.6(+0x2881b) [0x7f08b922881b]",
        "/lib/x86_64-linux-gnu/libc.so.6(+0x3b517) [0x7f08b923b517]",
        "./build/openttd(_Z12GetTileOwner4Tile+0x127) [0x65034642c68e]",
        "./build/openttd(_Z13AfterLoadGamev+0x16592) [0x650346afe965]",
        "./build/openttd(+0x1a4a59f) [0x650346baf59f]",
        "./build/openttd(_Z10SaveOrLoadSt17basic_string_viewIcSt11char_traitsIcEE17SaveLoadOperation16DetailedFileType12Subdirectoryb+0x8fb) [0x650346bb01c0]",
        "./build/openttd(_Z8SafeLoadRKNSt7__cxx1112basic_stringIcSt11char_traitsIcESaIcEEE17SaveLoadOperation16DetailedFileType8GameMode12SubdirectorySt10shared_ptrI10LoadFilterE+0x12f) [0x650347042906]",
        "./build/openttd(_Z12SwitchToMode10SwitchMode+0x2ae) [0x650347042f44]",
        "./build/openttd(_Z8GameLoopv+0x16f) [0x650347043ebe]",
        "./build/openttd(_ZN16VideoDriver_Null8MainLoopEv+0x1e) [0x650346c4ae36]",
        "./build/openttd(_Z12openttd_mainSt4spanISt17basic_string_viewIcSt11char_traitsIcEELm18446744073709551615EE+0x1ca1) [0x650347041e2a]",
        "./build/openttd(main+0xe9) [0x650347420e0d]",
        "/lib/x86_64-linux-gnu/libc.so.6(+0x2a1ca) [0x7f08b922a1ca]",
        "/lib/x86_64-linux-gnu/libc.so.6(__libc_start_main+0x8b) [0x7f08b922a28b]",
        "./build/openttd(_start+0x25) [0x6503463e2145]"
    ]
}