New doxygen warnings checker	Compare doxygen warnings and errors	﻿2026-09-15T10:06:26.8800568Z ##[group]Run unset FAIL
New doxygen warnings checker	Compare doxygen warnings and errors	2026-09-15T10:06:26.8800895Z [36;1munset FAIL[0m
New doxygen warnings checker	Compare doxygen warnings and errors	2026-09-15T10:06:26.8801116Z [36;1m[0m
New doxygen warnings checker	Compare doxygen warnings and errors	2026-09-15T10:06:26.8801456Z [36;1mdiff doxygen_warnings.base doxygen_warnings.PR | grep '^>' && FAIL=1[0m
New doxygen warnings checker	Compare doxygen warnings and errors	2026-09-15T10:06:26.8801996Z [36;1mdiff doxygen_AI_warnings.base doxygen_AI_warnings.PR | grep '^>' && FAIL=1[0m
New doxygen warnings checker	Compare doxygen warnings and errors	2026-09-15T10:06:26.8802509Z [36;1mdiff doxygen_GS_warnings.base doxygen_GS_warnings.PR | grep '^>' && FAIL=1[0m
New doxygen warnings checker	Compare doxygen warnings and errors	2026-09-15T10:06:26.8802901Z [36;1m[0m
New doxygen warnings checker	Compare doxygen warnings and errors	2026-09-15T10:06:26.8803114Z [36;1mif [ $FAIL ]; then[0m
New doxygen warnings checker	Compare doxygen warnings and errors	2026-09-15T10:06:26.8803352Z [36;1m    exit 1;[0m
New doxygen warnings checker	Compare doxygen warnings and errors	2026-09-15T10:06:26.8803570Z [36;1mfi[0m
New doxygen warnings checker	Compare doxygen warnings and errors	2026-09-15T10:06:26.8842791Z shell: /usr/bin/bash -e {0}
New doxygen warnings checker	Compare doxygen warnings and errors	2026-09-15T10:06:26.8843070Z ##[endgroup]
New doxygen warnings checker	Compare doxygen warnings and errors	2026-09-15T10:06:26.8968467Z > /home/runner/work/openspacettd/openspacettd/src/portal/authority_transport.cpp:$: warning: Member AuthorityCallbackRelay(const std::shared_ptr< AuthorityRequest * > &target) (function) of class anonymous_namespace{authority_transport.cpp}::AuthorityCallbackRelay is not documented.
New doxygen warnings checker	Compare doxygen warnings and errors	2026-09-15T10:06:26.8970525Z > /home/runner/work/openspacettd/openspacettd/src/portal/authority_transport.cpp:$: warning: Member target (variable) of class anonymous_namespace{authority_transport.cpp}::AuthorityCallbackRelay is not documented.
New doxygen warnings checker	Compare doxygen warnings and errors	2026-09-15T10:06:26.8972585Z > /home/runner/work/openspacettd/openspacettd/src/portal/authority_transport.h:$: warning: Documentation for enum member 'AuthorityOperation::Claim' is missing.
New doxygen warnings checker	Compare doxygen warnings and errors	2026-09-15T10:06:26.8974473Z > /home/runner/work/openspacettd/openspacettd/src/portal/authority_transport.h:$: warning: Documentation for enum member 'AuthorityOperation::Confirm' is missing.
New doxygen warnings checker	Compare doxygen warnings and errors	2026-09-15T10:06:26.8976194Z > /home/runner/work/openspacettd/openspacettd/src/portal/authority_transport.h:$: warning: Documentation for enum member 'AuthorityOperation::Depart' is missing.
New doxygen warnings checker	Compare doxygen warnings and errors	2026-09-15T10:06:26.8978436Z > /home/runner/work/openspacettd/openspacettd/src/portal/authority_transport.h:$: warning: Documentation for enum member 'AuthorityOperation::Heartbeat' is missing.
New doxygen warnings checker	Compare doxygen warnings and errors	2026-09-15T10:06:26.8979972Z > /home/runner/work/openspacettd/openspacettd/src/portal/authority_transport.h:$: warning: Documentation for enum member 'AuthorityOperation::Initiate' is missing.
New doxygen warnings checker	Compare doxygen warnings and errors	2026-09-15T10:06:26.8981041Z > /home/runner/work/openspacettd/openspacettd/src/portal/authority_transport.h:$: warning: Documentation for enum member 'AuthorityOperation::Pending' is missing.
New doxygen warnings checker	Compare doxygen warnings and errors	2026-09-15T10:06:26.8982133Z > /home/runner/work/openspacettd/openspacettd/src/portal/authority_transport.h:$: warning: Documentation for enum member 'AuthorityOperation::RegisterWorld' is missing.
New doxygen warnings checker	Compare doxygen warnings and errors	2026-09-15T10:06:26.8983295Z > /home/runner/work/openspacettd/openspacettd/src/portal/authority_transport.h:$: warning: Member AuthorityOperation (enumeration) of file authority_transport.h is not documented.
New doxygen warnings checker	Compare doxygen warnings and errors	2026-09-15T10:06:26.8985124Z > /home/runner/work/openspacettd/openspacettd/src/portal/authority_transport.h:$: warning: Member AuthorityRequest(std::string base_url, AuthorityOperation operation, nlohmann::json payload, uint32_t world=0, std::chrono::seconds timeout=std::chrono::seconds(15)) (function) of class AuthorityRequest is not documented.
New doxygen warnings checker	Compare doxygen warnings and errors	2026-09-15T10:06:26.8986772Z > /home/runner/work/openspacettd/openspacettd/src/portal/authority_transport.h:$: warning: Member Base64Decode(std::string_view encoded) (function) of file authority_transport.h is not documented.
New doxygen warnings checker	Compare doxygen warnings and errors	2026-09-15T10:06:26.8988023Z > /home/runner/work/openspacettd/openspacettd/src/portal/authority_transport.h:$: warning: Member Base64Encode(std::span< const uint8_t > data) (function) of file authority_transport.h is not documented.
New doxygen warnings checker	Compare doxygen warnings and errors	2026-09-15T10:06:26.8989168Z > /home/runner/work/openspacettd/openspacettd/src/portal/authority_transport.h:$: warning: Member Cancel() (function) of class AuthorityRequest is not documented.
New doxygen warnings checker	Compare doxygen warnings and errors	2026-09-15T10:06:26.8990184Z > /home/runner/work/openspacettd/openspacettd/src/portal/authority_transport.h:$: warning: Member Clock (typedef) of class AuthorityRequest is not documented.
New doxygen warnings checker	Compare doxygen warnings and errors	2026-09-15T10:06:26.8991436Z > /home/runner/work/openspacettd/openspacettd/src/portal/authority_transport.h:$: warning: Member ExecuteSync(std::chrono::milliseconds timeout_limit=std::chrono::milliseconds(5000)) (function) of class AuthorityRequest is not documented.
New doxygen warnings checker	Compare doxygen warnings and errors	2026-09-15T10:06:26.8993222Z > /home/runner/work/openspacettd/openspacettd/src/portal/authority_transport.h:$: warning: Member GetError() const (function) of class AuthorityRequest is not documented.
New doxygen warnings checker	Compare doxygen warnings and errors	2026-09-15T10:06:26.8995423Z > /home/runner/work/openspacettd/openspacettd/src/portal/authority_transport.h:$: warning: Member GetResponse() const (function) of class AuthorityRequest is not documented.
New doxygen warnings checker	Compare doxygen warnings and errors	2026-09-15T10:06:26.8997452Z > /home/runner/work/openspacettd/openspacettd/src/portal/authority_transport.h:$: warning: Member IsFinished() const (function) of class AuthorityRequest is not documented.
New doxygen warnings checker	Compare doxygen warnings and errors	2026-09-15T10:06:26.8998563Z > /home/runner/work/openspacettd/openspacettd/src/portal/authority_transport.h:$: warning: Member MAX_RESPONSE_BYTES (variable) of class AuthorityRequest is not documented.
New doxygen warnings checker	Compare doxygen warnings and errors	2026-09-15T10:06:26.8999640Z > /home/runner/work/openspacettd/openspacettd/src/portal/authority_transport.h:$: warning: Member Sender (typedef) of class AuthorityRequest is not documented.
New doxygen warnings checker	Compare doxygen warnings and errors	2026-09-15T10:06:26.9000657Z > /home/runner/work/openspacettd/openspacettd/src/portal/authority_transport.h:$: warning: Member Start() (function) of class AuthorityRequest is not documented.
New doxygen warnings checker	Compare doxygen warnings and errors	2026-09-15T10:06:26.9001729Z > /home/runner/work/openspacettd/openspacettd/src/portal/authority_transport.h:$: warning: Member Start(const Sender &sender) (function) of class AuthorityRequest is not documented.
New doxygen warnings checker	Compare doxygen warnings and errors	2026-09-15T10:06:26.9003064Z > /home/runner/work/openspacettd/openspacettd/src/portal/authority_transport.h:$: warning: Member Succeeded() const (function) of class AuthorityRequest is not documented.
New doxygen warnings checker	Compare doxygen warnings and errors	2026-09-15T10:06:26.9004327Z > /home/runner/work/openspacettd/openspacettd/src/portal/authority_transport.h:$: warning: Member body (variable) of class AuthorityRequest is not documented.
New doxygen warnings checker	Compare doxygen warnings and errors	2026-09-15T10:06:26.9005337Z > /home/runner/work/openspacettd/openspacettd/src/portal/authority_transport.h:$: warning: Member buffer (variable) of class AuthorityRequest is not documented.
New doxygen warnings checker	Compare doxygen warnings and errors	2026-09-15T10:06:26.9006396Z > /home/runner/work/openspacettd/openspacettd/src/portal/authority_transport.h:$: warning: Member callback_target (variable) of class AuthorityRequest is not documented.
New doxygen warnings checker	Compare doxygen warnings and errors	2026-09-15T10:06:26.9007446Z > /home/runner/work/openspacettd/openspacettd/src/portal/authority_transport.h:$: warning: Member cancelled (variable) of class AuthorityRequest is not documented.
New doxygen warnings checker	Compare doxygen warnings and errors	2026-09-15T10:06:26.9008478Z > /home/runner/work/openspacettd/openspacettd/src/portal/authority_transport.h:$: warning: Member deadline (variable) of class AuthorityRequest is not documented.
New doxygen warnings checker	Compare doxygen warnings and errors	2026-09-15T10:06:26.9009664Z > /home/runner/work/openspacettd/openspacettd/src/portal/authority_transport.h:$: warning: Member error (variable) of class AuthorityRequest is not documented.
New doxygen warnings checker	Compare doxygen warnings and errors	2026-09-15T10:06:26.9010691Z > /home/runner/work/openspacettd/openspacettd/src/portal/authority_transport.h:$: warning: Member finished (variable) of class AuthorityRequest is not documented.
New doxygen warnings checker	Compare doxygen warnings and errors	2026-09-15T10:06:26.9012388Z > /home/runner/work/openspacettd/openspacettd/src/portal/authority_transport.h:$: warning: Member response (variable) of class AuthorityRequest is not documented.
New doxygen warnings checker	Compare doxygen warnings and errors	2026-09-15T10:06:26.9014616Z > /home/runner/work/openspacettd/openspacettd/src/portal/authority_transport.h:$: warning: Member started (variable) of class AuthorityRequest is not documented.
New doxygen warnings checker	Compare doxygen warnings and errors	2026-09-15T10:06:26.9016042Z > /home/runner/work/openspacettd/openspacettd/src/portal/authority_transport.h:$: warning: Member timeout (variable) of class AuthorityRequest is not documented.
New doxygen warnings checker	Compare doxygen warnings and errors	2026-09-15T10:06:26.9017065Z > /home/runner/work/openspacettd/openspacettd/src/portal/authority_transport.h:$: warning: Member uri (variable) of class AuthorityRequest is not documented.
New doxygen warnings checker	Compare doxygen warnings and errors	2026-09-15T10:06:26.9018127Z > /home/runner/work/openspacettd/openspacettd/src/portal/commonwealth_pack.cpp:$: warning: Member _cargo_loops (variable) of file commonwealth_pack.cpp is not documented.
New doxygen warnings checker	Compare doxygen warnings and errors	2026-09-15T10:06:26.9019459Z > /home/runner/work/openspacettd/openspacettd/src/portal/commonwealth_pack.cpp:$: warning: Member _cst_index_map (variable) of file commonwealth_pack.cpp is not documented.
New doxygen warnings checker	Compare doxygen warnings and errors	2026-09-15T10:06:26.9020555Z > /home/runner/work/openspacettd/openspacettd/src/portal/commonwealth_pack.cpp:$: warning: Member _cst_initialized (variable) of file commonwealth_pack.cpp is not documented.
New doxygen warnings checker	Compare doxygen warnings and errors	2026-09-15T10:06:26.9021640Z > /home/runner/work/openspacettd/openspacettd/src/portal/commonwealth_pack.cpp:$: warning: Member _cst_mutex (variable) of file commonwealth_pack.cpp is not documented.
New doxygen warnings checker	Compare doxygen warnings and errors	2026-09-15T10:06:26.9022680Z > /home/runner/work/openspacettd/openspacettd/src/portal/commonwealth_pack.cpp:$: warning: Member _cst_specs (variable) of file commonwealth_pack.cpp is not documented.
New doxygen warnings checker	Compare doxygen warnings and errors	2026-09-15T10:06:26.9023950Z > /home/runner/work/openspacettd/openspacettd/src/portal/commonwealth_pack.h:$: warning: Member COMMONWEALTH_INDUSTRY_GRFID (variable) of file commonwealth_pack.h is not documented.
New doxygen warnings checker	Compare doxygen warnings and errors	2026-09-15T10:06:26.9025155Z > /home/runner/work/openspacettd/openspacettd/src/portal/commonwealth_pack.h:$: warning: Member COMMONWEALTH_RAIL_GRFID (variable) of file commonwealth_pack.h is not documented.
New doxygen warnings checker	Compare doxygen warnings and errors	2026-09-15T10:06:26.9026301Z > /home/runner/work/openspacettd/openspacettd/src/portal/commonwealth_pack.h:$: warning: Member COMMONWEALTH_RAIL_GRFID_BYTES (variable) of file commonwealth_pack.h is not documented.
New doxygen warnings checker	Compare doxygen warnings and errors	2026-09-15T10:06:26.9027593Z > /home/runner/work/openspacettd/openspacettd/src/portal/commonwealth_pack.h:$: warning: Member Initialize() (function) of class CommonwealthPackManager is not documented.
New doxygen warnings checker	Compare doxygen warnings and errors	2026-09-15T10:06:26.9028674Z > /home/runner/work/openspacettd/openspacettd/src/portal/commonwealth_pack.h:$: warning: Member allowed_phases (variable) of struct CSTRollingStockSpec is not documented.
New doxygen warnings checker	Compare doxygen warnings and errors	2026-09-15T10:06:26.9029721Z > /home/runner/work/openspacettd/openspacettd/src/portal/commonwealth_pack.h:$: warning: Member cargo_id (variable) of struct CargoDeliveryLoop is not documented.
New doxygen warnings checker	Compare doxygen warnings and errors	2026-09-15T10:06:26.9030750Z > /home/runner/work/openspacettd/openspacettd/src/portal/commonwealth_pack.h:$: warning: Member cargo_name (variable) of struct CargoDeliveryLoop is not documented.
New doxygen warnings checker	Compare doxygen warnings and errors	2026-09-15T10:06:26.9031811Z > /home/runner/work/openspacettd/openspacettd/src/portal/commonwealth_pack.h:$: warning: Member economic_or_rd_role (variable) of struct CargoDeliveryLoop is not documented.
New doxygen warnings checker	Compare doxygen warnings and errors	2026-09-15T10:06:26.9032861Z > /home/runner/work/openspacettd/openspacettd/src/portal/commonwealth_pack.h:$: warning: Member engclass (variable) of struct CSTRollingStockSpec is not documented.
New doxygen warnings checker	Compare doxygen warnings and errors	2026-09-15T10:06:26.9034073Z > /home/runner/work/openspacettd/openspacettd/src/portal/commonwealth_pack.h:$: warning: Member engine_id (variable) of struct CSTRollingStockSpec is not documented.
New doxygen warnings checker	Compare doxygen warnings and errors	2026-09-15T10:06:26.9035153Z > /home/runner/work/openspacettd/openspacettd/src/portal/commonwealth_pack.h:$: warning: Member intermediate_or_consumer (variable) of struct CargoDeliveryLoop is not documented.
New doxygen warnings checker	Compare doxygen warnings and errors	2026-09-15T10:06:26.9036252Z > /home/runner/work/openspacettd/openspacettd/src/portal/commonwealth_pack.h:$: warning: Member max_speed_kmh (variable) of struct CSTRollingStockSpec is not documented.
New doxygen warnings checker	Compare doxygen warnings and errors	2026-09-15T10:06:26.9037283Z > /home/runner/work/openspacettd/openspacettd/src/portal/commonwealth_pack.h:$: warning: Member name (variable) of struct CSTRollingStockSpec is not documented.
New doxygen warnings checker	Compare doxygen warnings and errors	2026-09-15T10:06:26.9038347Z > /home/runner/work/openspacettd/openspacettd/src/portal/commonwealth_pack.h:$: warning: Member pipeline (variable) of struct CargoDeliveryLoop is not documented.
New doxygen warnings checker	Compare doxygen warnings and errors	2026-09-15T10:06:26.9039384Z > /home/runner/work/openspacettd/openspacettd/src/portal/commonwealth_pack.h:$: warning: Member power_hp (variable) of struct CSTRollingStockSpec is not documented.
New doxygen warnings checker	Compare doxygen warnings and errors	2026-09-15T10:06:26.9040437Z > /home/runner/work/openspacettd/openspacettd/src/portal/commonwealth_pack.h:$: warning: Member producer_industry (variable) of struct CargoDeliveryLoop is not documented.
New doxygen warnings checker	Compare doxygen warnings and errors	2026-09-15T10:06:26.9041512Z > /home/runner/work/openspacettd/openspacettd/src/portal/commonwealth_pack.h:$: warning: Member production_phases (variable) of struct CargoDeliveryLoop is not documented.
New doxygen warnings checker	Compare doxygen warnings and errors	2026-09-15T10:06:26.9042725Z > /home/runner/work/openspacettd/openspacettd/src/portal/commonwealth_pack.h:$: warning: Member tech_required (variable) of struct CSTRollingStockSpec is not documented.
New doxygen warnings checker	Compare doxygen warnings and errors	2026-09-15T10:06:26.9043984Z > /home/runner/work/openspacettd/openspacettd/src/portal/commonwealth_pack.h:$: warning: Member tractive_effort_kn (variable) of struct CSTRollingStockSpec is not documented.
New doxygen warnings checker	Compare doxygen warnings and errors	2026-09-15T10:06:26.9045192Z > /home/runner/work/openspacettd/openspacettd/src/portal/commonwealth_pack.h:$: warning: Member transport_wagon_class (variable) of struct CargoDeliveryLoop is not documented.
New doxygen warnings checker	Compare doxygen warnings and errors	2026-09-15T10:06:26.9046276Z > /home/runner/work/openspacettd/openspacettd/src/portal/commonwealth_pack.h:$: warning: Member weight_tons (variable) of struct CSTRollingStockSpec is not documented.
New doxygen warnings checker	Compare doxygen warnings and errors	2026-09-15T10:06:26.9047416Z > /home/runner/work/openspacettd/openspacettd/src/portal/commonwealth_pack.h:$: warning: parameters of member CommonwealthPackManager::AuditComplete12CargoEconomy are not documented
New doxygen warnings checker	Compare doxygen warnings and errors	2026-09-15T10:06:26.9048597Z > /home/runner/work/openspacettd/openspacettd/src/portal/commonwealth_pack.h:$: warning: parameters of member CommonwealthPackManager::GetCargoDeliveryLoop are not documented
New doxygen warnings checker	Compare doxygen warnings and errors	2026-09-15T10:06:26.9049720Z > /home/runner/work/openspacettd/openspacettd/src/portal/commonwealth_pack.h:$: warning: parameters of member CommonwealthPackManager::GetRollingStockSpec are not documented
New doxygen warnings checker	Compare doxygen warnings and errors	2026-09-15T10:06:26.9050991Z > /home/runner/work/openspacettd/openspacettd/src/portal/commonwealth_pack.h:$: warning: parameters of member CommonwealthPackManager::GetVehicleBOM are not documented
New doxygen warnings checker	Compare doxygen warnings and errors	2026-09-15T10:06:26.9052082Z > /home/runner/work/openspacettd/openspacettd/src/portal/commonwealth_pack.h:$: warning: parameters of member CommonwealthPackManager::HasCommonwealthPacks are not documented
New doxygen warnings checker	Compare doxygen warnings and errors	2026-09-15T10:06:26.9053160Z > /home/runner/work/openspacettd/openspacettd/src/portal/commonwealth_pack.h:$: warning: parameters of member CommonwealthPackManager::IsCSTEngine are not documented
New doxygen warnings checker	Compare doxygen warnings and errors	2026-09-15T10:06:26.9054547Z > /home/runner/work/openspacettd/openspacettd/src/portal/commonwealth_pack.h:$: warning: parameters of member CommonwealthPackManager::IsRollingStockBuildableForCompany are not documented
New doxygen warnings checker	Compare doxygen warnings and errors	2026-09-15T10:06:26.9055768Z > /home/runner/work/openspacettd/openspacettd/src/portal/commonwealth_pack.h:$: warning: parameters of member CommonwealthPackManager::IsVehicleBuildableForCompany are not documented
New doxygen warnings checker	Compare doxygen warnings and errors	2026-09-15T10:06:26.9056975Z > /home/runner/work/openspacettd/openspacettd/src/portal/commonwealth_pack.h:$: warning: parameters of member CommonwealthPackManager::RegisterPacksInContentManifest are not documented
New doxygen warnings checker	Compare doxygen warnings and errors	2026-09-15T10:06:26.9058149Z > /home/runner/work/openspacettd/openspacettd/src/portal/commonwealth_pack.h:$: warning: return type of member CommonwealthPackManager::AuditComplete12CargoEconomy is not documented
New doxygen warnings checker	Compare doxygen warnings and errors	2026-09-15T10:06:26.9059282Z > /home/runner/work/openspacettd/openspacettd/src/portal/commonwealth_pack.h:$: warning: return type of member CommonwealthPackManager::GetAllCSTRollingStock is not documented
New doxygen warnings checker	Compare doxygen warnings and errors	2026-09-15T10:06:26.9060396Z > /home/runner/work/openspacettd/openspacettd/src/portal/commonwealth_pack.h:$: warning: return type of member CommonwealthPackManager::GetCargoDeliveryLoop is not documented
New doxygen warnings checker	Compare doxygen warnings and errors	2026-09-15T10:06:26.9061495Z > /home/runner/work/openspacettd/openspacettd/src/portal/commonwealth_pack.h:$: warning: return type of member CommonwealthPackManager::GetCargoDeliveryLoops is not documented
New doxygen warnings checker	Compare doxygen warnings and errors	2026-09-15T10:06:26.9062599Z > /home/runner/work/openspacettd/openspacettd/src/portal/commonwealth_pack.h:$: warning: return type of member CommonwealthPackManager::GetRollingStockSpec is not documented
New doxygen warnings checker	Compare doxygen warnings and errors	2026-09-15T10:06:26.9063670Z > /home/runner/work/openspacettd/openspacettd/src/portal/commonwealth_pack.h:$: warning: return type of member CommonwealthPackManager::GetVehicleBOM is not documented
New doxygen warnings checker	Compare doxygen warnings and errors	2026-09-15T10:06:26.9064989Z > /home/runner/work/openspacettd/openspacettd/src/portal/commonwealth_pack.h:$: warning: return type of member CommonwealthPackManager::HasCommonwealthPacks is not documented
New doxygen warnings checker	Compare doxygen warnings and errors	2026-09-15T10:06:26.9066237Z > /home/runner/work/openspacettd/openspacettd/src/portal/commonwealth_pack.h:$: warning: return type of member CommonwealthPackManager::IsCSTEngine is not documented
New doxygen warnings checker	Compare doxygen warnings and errors	2026-09-15T10:06:26.9067385Z > /home/runner/work/openspacettd/openspacettd/src/portal/commonwealth_pack.h:$: warning: return type of member CommonwealthPackManager::IsRollingStockBuildableForCompany is not documented
New doxygen warnings checker	Compare doxygen warnings and errors	2026-09-15T10:06:26.9068616Z > /home/runner/work/openspacettd/openspacettd/src/portal/commonwealth_pack.h:$: warning: return type of member CommonwealthPackManager::IsVehicleBuildableForCompany is not documented
New doxygen warnings checker	Compare doxygen warnings and errors	2026-09-15T10:06:26.9070213Z > /home/runner/work/openspacettd/openspacettd/src/portal/consist_materializer.h:$: warning: Member DespawnForTransfer(Train *consist, const GlobalOwnerToken &owner_token, const std::function< bool(const ConsistSnapshotBytes &)> &admit={}) (function) of class ConsistMaterializer is not documented.
New doxygen warnings checker	Compare doxygen warnings and errors	2026-09-15T10:06:26.9071753Z > /home/runner/work/openspacettd/openspacettd/src/portal/corporate_hq_gui.cpp:$: warning: Documentation for enum member 'CorporateHQTab::TechTree' is missing.
New doxygen warnings checker	Compare doxygen warnings and errors	2026-09-15T10:06:26.9073247Z > /home/runner/work/openspacettd/openspacettd/src/portal/corporate_hq_gui.cpp:$: warning: Member _corporate_hq_desc(WindowPosition::Automatic, "view_corporate_hq", 740, 400, WindowClass::CorporateHQ, WindowClass::None, {}, _nested_corporate_hq_widgets) (variable) of file corporate_hq_gui.cpp is not documented.
New doxygen warnings checker	Compare doxygen warnings and errors	2026-09-15T10:06:26.9075145Z > /home/runner/work/openspacettd/openspacettd/src/portal/corporate_hq_gui.cpp:$: warning: Member selected_tech (variable) of struct CorporateHQWindow is not documented.
New doxygen warnings checker	Compare doxygen warnings and errors	2026-09-15T10:06:26.9076265Z > /home/runner/work/openspacettd/openspacettd/src/portal/fabrication_manager.h:$: warning: parameters of member FabricationManager::GetBOMDiscountPercent are not documented
New doxygen warnings checker	Compare doxygen warnings and errors	2026-09-15T10:06:26.9077426Z > /home/runner/work/openspacettd/openspacettd/src/portal/fabrication_manager.h:$: warning: return type of member FabricationManager::GetBOMDiscountPercent is not documented
New doxygen warnings checker	Compare doxygen warnings and errors	2026-09-15T10:06:26.9078517Z > /home/runner/work/openspacettd/openspacettd/src/portal/federation_cmd.cpp:$: warning: Member _authority_url (variable) of file federation_cmd.cpp is not documented.
New doxygen warnings checker	Compare doxygen warnings and errors	2026-09-15T10:06:26.9079600Z > /home/runner/work/openspacettd/openspacettd/src/portal/federation_cmd.h:$: warning: Member GetAuthorityUrl() (function) of class FederationTransferManager is not documented.
New doxygen warnings checker	Compare doxygen warnings and errors	2026-09-15T10:06:26.9080739Z > /home/runner/work/openspacettd/openspacettd/src/portal/federation_cmd.h:$: warning: Member HasExternalAuthority() (function) of class FederationTransferManager is not documented.
New doxygen warnings checker	Compare doxygen warnings and errors	2026-09-15T10:06:26.9081838Z > /home/runner/work/openspacettd/openspacettd/src/portal/federation_cmd.h:$: warning: parameters of member FederationTransferManager::OnGameTick are not documented
New doxygen warnings checker	Compare doxygen warnings and errors	2026-09-15T10:06:26.9082905Z > /home/runner/work/openspacettd/openspacettd/src/portal/federation_cmd.h:$: warning: parameters of member FederationTransferManager::SetAuthorityUrl are not documented
New doxygen warnings checker	Compare doxygen warnings and errors	2026-09-15T10:06:26.9084132Z > /home/runner/work/openspacettd/openspacettd/src/portal/logistics_hub.h:$: warning: parameters of member LogisticsHubManager::HasLogisticsHub are not documented
New doxygen warnings checker	Compare doxygen warnings and errors	2026-09-15T10:06:26.9085165Z > /home/runner/work/openspacettd/openspacettd/src/portal/logistics_hub.h:$: warning: return type of member LogisticsHubManager::HasLogisticsHub is not documented
New doxygen warnings checker	Compare doxygen warnings and errors	2026-09-15T10:06:26.9086371Z > /home/runner/work/openspacettd/openspacettd/src/portal/portal_cmd.cpp:$: warning: Member CmdRemoveProcessingFacility(DoCommandFlags flags, StationID station) (function) of file portal_cmd.cpp is not documented.
New doxygen warnings checker	Compare doxygen warnings and errors	2026-09-15T10:06:26.9087741Z > /home/runner/work/openspacettd/openspacettd/src/portal/portal_cmd.h:$: warning: Member CmdRemoveProcessingFacility(DoCommandFlags flags, StationID station) (function) of file portal_cmd.h is not documented.
New doxygen warnings checker	Compare doxygen warnings and errors	2026-09-15T10:06:26.9089066Z > /home/runner/work/openspacettd/openspacettd/src/portal/portal_cmd.h:$: warning: parameters of member CmdBuildProcessingFacility are not documented
New doxygen warnings checker	Compare doxygen warnings and errors	2026-09-15T10:06:26.9089998Z > /home/runner/work/openspacettd/openspacettd/src/portal/portal_cmd.h:$: warning: return type of member CmdBuildProcessingFacility is not documented
New doxygen warnings checker	Compare doxygen warnings and errors	2026-09-15T10:06:26.9091003Z > /home/runner/work/openspacettd/openspacettd/src/portal/portal_registry.h:$: warning: parameters of member PortalRegistry::RestoreInterServerPortal are not documented
New doxygen warnings checker	Compare doxygen warnings and errors	2026-09-15T10:06:26.9092071Z > /home/runner/work/openspacettd/openspacettd/src/portal/portal_registry.h:$: warning: return type of member PortalRegistry::RestoreInterServerPortal is not documented
New doxygen warnings checker	Compare doxygen warnings and errors	2026-09-15T10:06:26.9093088Z > /home/runner/work/openspacettd/openspacettd/src/portal/portal_terminal.h:$: warning: parameters of member PortalTerminal::AdoptForUAT are not documented
New doxygen warnings checker	Compare doxygen warnings and errors	2026-09-15T10:06:26.9094322Z > /home/runner/work/openspacettd/openspacettd/src/portal/portal_terminal.h:$: warning: return type of member PortalTerminal::AdoptForUAT is not documented
New doxygen warnings checker	Compare doxygen warnings and errors	2026-09-15T10:06:26.9095366Z > /home/runner/work/openspacettd/openspacettd/src/portal/production_chain.cpp:$: warning: Member _facilities (variable) of file production_chain.cpp is not documented.
New doxygen warnings checker	Compare doxygen warnings and errors	2026-09-15T10:06:26.9096445Z > /home/runner/work/openspacettd/openspacettd/src/portal/production_chain.cpp:$: warning: Member _next_facility_id (variable) of file production_chain.cpp is not documented.
New doxygen warnings checker	Compare doxygen warnings and errors	2026-09-15T10:06:26.9097763Z > /home/runner/work/openspacettd/openspacettd/src/portal/production_chain.cpp:$: warning: Member _recipes (variable) of file production_chain.cpp is not documented.
New doxygen warnings checker	Compare doxygen warnings and errors	2026-09-15T10:06:26.9098804Z > /home/runner/work/openspacettd/openspacettd/src/portal/production_chain.h:$: warning: Documentation for enum member 'CommonwealthCargoID::Count' is missing.
New doxygen warnings checker	Compare doxygen warnings and errors	2026-09-15T10:06:26.9099798Z > /home/runner/work/openspacettd/openspacettd/src/portal/production_chain.h:$: warning: Documentation for enum member 'PipelineType::Count' is missing.
New doxygen warnings checker	Compare doxygen warnings and errors	2026-09-15T10:06:26.9100945Z > /home/runner/work/openspacettd/openspacettd/src/portal/production_chain.h:$: warning: Member AcceptsCargo(StationID station, CargoType cargo) (function) of class ProductionChainManager is not documented.
New doxygen warnings checker	Compare doxygen warnings and errors	2026-09-15T10:06:26.9102331Z > /home/runner/work/openspacettd/openspacettd/src/portal/production_chain.h:$: warning: Member CanConstructFacility(WorldID world, RecipeID recipe, std::string &err_msg) (function) of class ProductionChainManager is not documented.
New doxygen warnings checker	Compare doxygen warnings and errors	2026-09-15T10:06:26.9103930Z > /home/runner/work/openspacettd/openspacettd/src/portal/production_chain.h:$: warning: Member ChangeCompanyOwner(CompanyID old_owner, CompanyID new_owner) (function) of class ProductionChainManager is not documented.
New doxygen warnings checker	Compare doxygen warnings and errors	2026-09-15T10:06:26.9105361Z > /home/runner/work/openspacettd/openspacettd/src/portal/production_chain.h:$: warning: Member DeliverCargo(FacilityID id, CargoType cargo, uint32_t amount) (function) of class ProductionChainManager is not documented.
New doxygen warnings checker	Compare doxygen warnings and errors	2026-09-15T10:06:26.9106769Z > /home/runner/work/openspacettd/openspacettd/src/portal/production_chain.h:$: warning: Member DeliverToStation(StationID station, CargoType cargo, uint32_t amount) (function) of class ProductionChainManager is not documented.
New doxygen warnings checker	Compare doxygen warnings and errors	2026-09-15T10:06:26.9107996Z > /home/runner/work/openspacettd/openspacettd/src/portal/production_chain.h:$: warning: Member FacilityID (typedef) of file production_chain.h is not documented.
New doxygen warnings checker	Compare doxygen warnings and errors	2026-09-15T10:06:26.9109074Z > /home/runner/work/openspacettd/openspacettd/src/portal/production_chain.h:$: warning: Member GetAllFacilities() (function) of class ProductionChainManager is not documented.
New doxygen warnings checker	Compare doxygen warnings and errors	2026-09-15T10:06:26.9110181Z > /home/runner/work/openspacettd/openspacettd/src/portal/production_chain.h:$: warning: Member GetAllRecipes() (function) of class ProductionChainManager is not documented.
New doxygen warnings checker	Compare doxygen warnings and errors	2026-09-15T10:06:26.9111369Z > /home/runner/work/openspacettd/openspacettd/src/portal/production_chain.h:$: warning: Member GetDefaultCargo(CommonwealthCargoID cargo_id) (function) of class ProductionChainManager is not documented.
New doxygen warnings checker	Compare doxygen warnings and errors	2026-09-15T10:06:26.9112745Z > /home/runner/work/openspacettd/openspacettd/src/portal/production_chain.h:$: warning: Member GetFacility(FacilityID id) (function) of class ProductionChainManager is not documented.
New doxygen warnings checker	Compare doxygen warnings and errors	2026-09-15T10:06:26.9114100Z > /home/runner/work/openspacettd/openspacettd/src/portal/production_chain.h:$: warning: Member GetFacilityAtTile(TileIndex tile) (function) of class ProductionChainManager is not documented.
New doxygen warnings checker	Compare doxygen warnings and errors	2026-09-15T10:06:26.9115352Z > /home/runner/work/openspacettd/openspacettd/src/portal/production_chain.h:$: warning: Member GetFacilityForStation(StationID station) (function) of class ProductionChainManager is not documented.
New doxygen warnings checker	Compare doxygen warnings and errors	2026-09-15T10:06:26.9116550Z > /home/runner/work/openspacettd/openspacettd/src/portal/production_chain.h:$: warning: Member GetRecipe(RecipeID id) (function) of class ProductionChainManager is not documented.
New doxygen warnings checker	Compare doxygen warnings and errors	2026-09-15T10:06:26.9117763Z > /home/runner/work/openspacettd/openspacettd/src/portal/production_chain.h:$: warning: Member GetRecipesByPipeline(PipelineType pipeline) (function) of class ProductionChainManager is not documented.
New doxygen warnings checker	Compare doxygen warnings and errors	2026-09-15T10:06:26.9118947Z > /home/runner/work/openspacettd/openspacettd/src/portal/production_chain.h:$: warning: Member INVALID_FACILITY (variable) of file production_chain.h is not documented.
New doxygen warnings checker	Compare doxygen warnings and errors	2026-09-15T10:06:26.9120036Z > /home/runner/work/openspacettd/openspacettd/src/portal/production_chain.h:$: warning: Member InitDefaultRecipes() (function) of class ProductionChainManager is not documented.
New doxygen warnings checker	Compare doxygen warnings and errors	2026-09-15T10:06:26.9121325Z > /home/runner/work/openspacettd/openspacettd/src/portal/production_chain.h:$: warning: Member ProcessMonthlyProduction() (function) of class ProductionChainManager is not documented.
New doxygen warnings checker	Compare doxygen warnings and errors	2026-09-15T10:06:26.9122435Z > /home/runner/work/openspacettd/openspacettd/src/portal/production_chain.h:$: warning: Member RECIPE_NONE (variable) of file production_chain.h is not documented.
New doxygen warnings checker	Compare doxygen warnings and errors	2026-09-15T10:06:26.9123448Z > /home/runner/work/openspacettd/openspacettd/src/portal/production_chain.h:$: warning: Member RecipeID (typedef) of file production_chain.h is not documented.
New doxygen warnings checker	Compare doxygen warnings and errors	2026-09-15T10:06:26.9125125Z > /home/runner/work/openspacettd/openspacettd/src/portal/production_chain.h:$: warning: Member RegisterFacility(TileIndex tile, WorldID world, RecipeID recipe, CompanyID owner, uint32_t capacity=100, StationID station=StationID::Invalid()) (function) of class ProductionChainManager is not documented.
New doxygen warnings checker	Compare doxygen warnings and errors	2026-09-15T10:06:26.9126740Z > /home/runner/work/openspacettd/openspacettd/src/portal/production_chain.h:$: warning: Member RegisterRecipe(const ProductionRecipe &recipe) (function) of class ProductionChainManager is not documented.
New doxygen warnings checker	Compare doxygen warnings and errors	2026-09-15T10:06:26.9127908Z > /home/runner/work/openspacettd/openspacettd/src/portal/production_chain.h:$: warning: Member Reset() (function) of class ProductionChainManager is not documented.
New doxygen warnings checker	Compare doxygen warnings and errors	2026-09-15T10:06:26.9129743Z > /home/runner/work/openspacettd/openspacettd/src/portal/production_chain.h:$: warning: Member RestoreFacility(FacilityID id, TileIndex tile, WorldID world, RecipeID recipe, CompanyID owner, StationID station, uint32_t capacity, uint32_t last_prod, uint32_t total_prod, const std::map< CargoType, uint32_t > &inputs, const std::map< CargoType, uint32_t > &outputs) (function) of class ProductionChainManager is not documented.
New doxygen warnings checker	Compare doxygen warnings and errors	2026-09-15T10:06:26.9131638Z > /home/runner/work/openspacettd/openspacettd/src/portal/production_chain.h:$: warning: Member UnregisterFacility(FacilityID id) (function) of class ProductionChainManager is not documented.
New doxygen warnings checker	Compare doxygen warnings and errors	2026-09-15T10:06:26.9132941Z > /home/runner/work/openspacettd/openspacettd/src/portal/production_chain.h:$: warning: Member WithdrawOutput(FacilityID id, CargoType cargo, uint32_t amount) (function) of class ProductionChainManager is not documented.
New doxygen warnings checker	Compare doxygen warnings and errors	2026-09-15T10:06:26.9134399Z > /home/runner/work/openspacettd/openspacettd/src/portal/production_chain.h:$: warning: Member allowed_phases (variable) of struct ProductionRecipe is not documented.
New doxygen warnings checker	Compare doxygen warnings and errors	2026-09-15T10:06:26.9135481Z > /home/runner/work/openspacettd/openspacettd/src/portal/production_chain.h:$: warning: Member description (variable) of struct ProductionRecipe is not documented.
New doxygen warnings checker	Compare doxygen warnings and errors	2026-09-15T10:06:26.9136669Z > /home/runner/work/openspacettd/openspacettd/src/portal/production_chain.h:$: warning: Member id (variable) of struct ProcessingFacility is not documented.
New doxygen warnings checker	Compare doxygen warnings and errors	2026-09-15T10:06:26.9137648Z > /home/runner/work/openspacettd/openspacettd/src/portal/production_chain.h:$: warning: Member id (variable) of struct ProductionRecipe is not documented.
New doxygen warnings checker	Compare doxygen warnings and errors	2026-09-15T10:06:26.9138671Z > /home/runner/work/openspacettd/openspacettd/src/portal/production_chain.h:$: warning: Member input_buffers (variable) of struct ProcessingFacility is not documented.
New doxygen warnings checker	Compare doxygen warnings and errors	2026-09-15T10:06:26.9139700Z > /home/runner/work/openspacettd/openspacettd/src/portal/production_chain.h:$: warning: Member inputs (variable) of struct ProductionRecipe is not documented.
New doxygen warnings checker	Compare doxygen warnings and errors	2026-09-15T10:06:26.9140791Z > /home/runner/work/openspacettd/openspacettd/src/portal/production_chain.h:$: warning: Member last_month_production (variable) of struct ProcessingFacility is not documented.
New doxygen warnings checker	Compare doxygen warnings and errors	2026-09-15T10:06:26.9141889Z > /home/runner/work/openspacettd/openspacettd/src/portal/production_chain.h:$: warning: Member linked_station (variable) of struct ProcessingFacility is not documented.
New doxygen warnings checker	Compare doxygen warnings and errors	2026-09-15T10:06:26.9142957Z > /home/runner/work/openspacettd/openspacettd/src/portal/production_chain.h:$: warning: Member monthly_capacity (variable) of struct ProcessingFacility is not documented.
New doxygen warnings checker	Compare doxygen warnings and errors	2026-09-15T10:06:26.9144372Z > /home/runner/work/openspacettd/openspacettd/src/portal/production_chain.h:$: warning: Member name (variable) of struct ProductionRecipe is not documented.
New doxygen warnings checker	Compare doxygen warnings and errors	2026-09-15T10:06:26.9145392Z > /home/runner/work/openspacettd/openspacettd/src/portal/production_chain.h:$: warning: Member output_buffers (variable) of struct ProcessingFacility is not documented.
New doxygen warnings checker	Compare doxygen warnings and errors	2026-09-15T10:06:26.9146422Z > /home/runner/work/openspacettd/openspacettd/src/portal/production_chain.h:$: warning: Member outputs (variable) of struct ProductionRecipe is not documented.
New doxygen warnings checker	Compare doxygen warnings and errors	2026-09-15T10:06:26.9147447Z > /home/runner/work/openspacettd/openspacettd/src/portal/production_chain.h:$: warning: Member owner (variable) of struct ProcessingFacility is not documented.
New doxygen warnings checker	Compare doxygen warnings and errors	2026-09-15T10:06:26.9148444Z > /home/runner/work/openspacettd/openspacettd/src/portal/production_chain.h:$: warning: Member pipeline (variable) of struct ProductionRecipe is not documented.
New doxygen warnings checker	Compare doxygen warnings and errors	2026-09-15T10:06:26.9149469Z > /home/runner/work/openspacettd/openspacettd/src/portal/production_chain.h:$: warning: Member recipe_id (variable) of struct ProcessingFacility is not documented.
New doxygen warnings checker	Compare doxygen warnings and errors	2026-09-15T10:06:26.9150475Z > /home/runner/work/openspacettd/openspacettd/src/portal/production_chain.h:$: warning: Member tile (variable) of struct ProcessingFacility is not documented.
New doxygen warnings checker	Compare doxygen warnings and errors	2026-09-15T10:06:26.9151488Z > /home/runner/work/openspacettd/openspacettd/src/portal/production_chain.h:$: warning: Member total_produced (variable) of struct ProcessingFacility is not documented.
New doxygen warnings checker	Compare doxygen warnings and errors	2026-09-15T10:06:26.9152526Z > /home/runner/work/openspacettd/openspacettd/src/portal/production_chain.h:$: warning: Member world_id (variable) of struct ProcessingFacility is not documented.
New doxygen warnings checker	Compare doxygen warnings and errors	2026-09-15T10:06:26.9153605Z > /home/runner/work/openspacettd/openspacettd/src/portal/production_chain.h:$: warning: parameters of member ProductionChainManager::PublishStationOutput are not documented
New doxygen warnings checker	Compare doxygen warnings and errors	2026-09-15T10:06:26.9154901Z > /home/runner/work/openspacettd/openspacettd/src/portal/production_chain.h:$: warning: parameters of member ProductionChainManager::RemoveForStation are not documented
New doxygen warnings checker	Compare doxygen warnings and errors	2026-09-15T10:06:26.9155985Z > /home/runner/work/openspacettd/openspacettd/src/portal/tech_tree.cpp:$: warning: Member EnsureNodesInitialized() (function) of file tech_tree.cpp is not documented.
New doxygen warnings checker	Compare doxygen warnings and errors	2026-09-15T10:06:26.9156997Z > /home/runner/work/openspacettd/openspacettd/src/portal/tech_tree.cpp:$: warning: Member _company_techs (variable) of file tech_tree.cpp is not documented.
New doxygen warnings checker	Compare doxygen warnings and errors	2026-09-15T10:06:26.9157979Z > /home/runner/work/openspacettd/openspacettd/src/portal/tech_tree.cpp:$: warning: Member _nodes_initialized (variable) of file tech_tree.cpp is not documented.
New doxygen warnings checker	Compare doxygen warnings and errors	2026-09-15T10:06:26.9159099Z > /home/runner/work/openspacettd/openspacettd/src/portal/tech_tree.cpp:$: warning: Member _tech_mutex (variable) of file tech_tree.cpp is not documented.
New doxygen warnings checker	Compare doxygen warnings and errors	2026-09-15T10:06:26.9160043Z > /home/runner/work/openspacettd/openspacettd/src/portal/tech_tree.cpp:$: warning: Member _tech_nodes (variable) of file tech_tree.cpp is not documented.
New doxygen warnings checker	Compare doxygen warnings and errors	2026-09-15T10:06:26.9160978Z > /home/runner/work/openspacettd/openspacettd/src/portal/tech_tree.h:$: warning: Documentation for enum member 'TechBranch::Count' is missing.
New doxygen warnings checker	Compare doxygen warnings and errors	2026-09-15T10:06:26.9161874Z > /home/runner/work/openspacettd/openspacettd/src/portal/tech_tree.h:$: warning: Member TechID (typedef) of file tech_tree.h is not documented.
New doxygen warnings checker	Compare doxygen warnings and errors	2026-09-15T10:06:26.9162796Z > /home/runner/work/openspacettd/openspacettd/src/portal/tech_tree.h:$: warning: Member branch (variable) of struct TechProjectNode is not documented.
New doxygen warnings checker	Compare doxygen warnings and errors	2026-09-15T10:06:26.9163908Z > /home/runner/work/openspacettd/openspacettd/src/portal/tech_tree.h:$: warning: Member company_id (variable) of struct CompanyTechState is not documented.
New doxygen warnings checker	Compare doxygen warnings and errors	2026-09-15T10:06:26.9164926Z > /home/runner/work/openspacettd/openspacettd/src/portal/tech_tree.h:$: warning: Member description (variable) of struct TechProjectNode is not documented.
New doxygen warnings checker	Compare doxygen warnings and errors	2026-09-15T10:06:26.9165854Z > /home/runner/work/openspacettd/openspacettd/src/portal/tech_tree.h:$: warning: Member id (variable) of struct TechProjectNode is not documented.
New doxygen warnings checker	Compare doxygen warnings and errors	2026-09-15T10:06:26.9166901Z > /home/runner/work/openspacettd/openspacettd/src/portal/tech_tree.h:$: warning: Member name (variable) of struct TechProjectNode is not documented.
New doxygen warnings checker	Compare doxygen warnings and errors	2026-09-15T10:06:26.9167810Z > /home/runner/work/openspacettd/openspacettd/src/portal/tech_tree.h:$: warning: Member tier (variable) of struct TechProjectNode is not documented.
New doxygen warnings checker	Compare doxygen warnings and errors	2026-09-15T10:06:26.9168757Z > /home/runner/work/openspacettd/openspacettd/src/portal/tech_tree.h:$: warning: parameters of member TechTreeManager::AddResearchPoints are not documented
New doxygen warnings checker	Compare doxygen warnings and errors	2026-09-15T10:06:26.9169714Z > /home/runner/work/openspacettd/openspacettd/src/portal/tech_tree.h:$: warning: parameters of member TechTreeManager::CanResearch are not documented
New doxygen warnings checker	Compare doxygen warnings and errors	2026-09-15T10:06:26.9170660Z > /home/runner/work/openspacettd/openspacettd/src/portal/tech_tree.h:$: warning: parameters of member TechTreeManager::GetAccumulatedRP are not documented
New doxygen warnings checker	Compare doxygen warnings and errors	2026-09-15T10:06:26.9171623Z > /home/runner/work/openspacettd/openspacettd/src/portal/tech_tree.h:$: warning: parameters of member TechTreeManager::GetActiveProject are not documented
New doxygen warnings checker	Compare doxygen warnings and errors	2026-09-15T10:06:26.9172580Z > /home/runner/work/openspacettd/openspacettd/src/portal/tech_tree.h:$: warning: parameters of member TechTreeManager::GetMonthlyBudget are not documented
New doxygen warnings checker	Compare doxygen warnings and errors	2026-09-15T10:06:26.9173509Z > /home/runner/work/openspacettd/openspacettd/src/portal/tech_tree.h:$: warning: parameters of member TechTreeManager::GetNode are not documented
New doxygen warnings checker	Compare doxygen warnings and errors	2026-09-15T10:06:26.9174760Z > /home/runner/work/openspacettd/openspacettd/src/portal/tech_tree.h:$: warning: parameters of member TechTreeManager::GetNodesByBranch are not documented
New doxygen warnings checker	Compare doxygen warnings and errors	2026-09-15T10:06:26.9175778Z > /home/runner/work/openspacettd/openspacettd/src/portal/tech_tree.h:$: warning: parameters of member TechTreeManager::IsTechUnlocked are not documented
New doxygen warnings checker	Compare doxygen warnings and errors	2026-09-15T10:06:26.9176793Z > /home/runner/work/openspacettd/openspacettd/src/portal/tech_tree.h:$: warning: parameters of member TechTreeManager::RestoreCompanyTech are not documented
New doxygen warnings checker	Compare doxygen warnings and errors	2026-09-15T10:06:26.9177795Z > /home/runner/work/openspacettd/openspacettd/src/portal/tech_tree.h:$: warning: parameters of member TechTreeManager::SetActiveProject are not documented
New doxygen warnings checker	Compare doxygen warnings and errors	2026-09-15T10:06:26.9178766Z > /home/runner/work/openspacettd/openspacettd/src/portal/tech_tree.h:$: warning: parameters of member TechTreeManager::SetMonthlyBudget are not documented
New doxygen warnings checker	Compare doxygen warnings and errors	2026-09-15T10:06:26.9179720Z > /home/runner/work/openspacettd/openspacettd/src/portal/tech_tree.h:$: warning: return type of member TechTreeManager::CanResearch is not documented
New doxygen warnings checker	Compare doxygen warnings and errors	2026-09-15T10:06:26.9180661Z > /home/runner/work/openspacettd/openspacettd/src/portal/tech_tree.h:$: warning: return type of member TechTreeManager::GetAccumulatedRP is not documented
New doxygen warnings checker	Compare doxygen warnings and errors	2026-09-15T10:06:26.9181764Z > /home/runner/work/openspacettd/openspacettd/src/portal/tech_tree.h:$: warning: return type of member TechTreeManager::GetActiveProject is not documented
New doxygen warnings checker	Compare doxygen warnings and errors	2026-09-15T10:06:26.9182743Z > /home/runner/work/openspacettd/openspacettd/src/portal/tech_tree.h:$: warning: return type of member TechTreeManager::GetAllCompanyTechStates is not documented
New doxygen warnings checker	Compare doxygen warnings and errors	2026-09-15T10:06:26.9183711Z > /home/runner/work/openspacettd/openspacettd/src/portal/tech_tree.h:$: warning: return type of member TechTreeManager::GetAllNodes is not documented
New doxygen warnings checker	Compare doxygen warnings and errors	2026-09-15T10:06:26.9184867Z > /home/runner/work/openspacettd/openspacettd/src/portal/tech_tree.h:$: warning: return type of member TechTreeManager::GetMonthlyBudget is not documented
New doxygen warnings checker	Compare doxygen warnings and errors	2026-09-15T10:06:26.9185797Z > /home/runner/work/openspacettd/openspacettd/src/portal/tech_tree.h:$: warning: return type of member TechTreeManager::GetNode is not documented
New doxygen warnings checker	Compare doxygen warnings and errors	2026-09-15T10:06:26.9186728Z > /home/runner/work/openspacettd/openspacettd/src/portal/tech_tree.h:$: warning: return type of member TechTreeManager::GetNodesByBranch is not documented
New doxygen warnings checker	Compare doxygen warnings and errors	2026-09-15T10:06:26.9187669Z > /home/runner/work/openspacettd/openspacettd/src/portal/tech_tree.h:$: warning: return type of member TechTreeManager::IsTechUnlocked is not documented
New doxygen warnings checker	Compare doxygen warnings and errors	2026-09-15T10:06:26.9188605Z > /home/runner/work/openspacettd/openspacettd/src/portal/tech_tree.h:$: warning: return type of member TechTreeManager::SetActiveProject is not documented
New doxygen warnings checker	Compare doxygen warnings and errors	2026-09-15T10:06:26.9189729Z > /home/runner/work/openspacettd/openspacettd/src/portal/tech_tree.h:$: warning: return type of member TechTreeManager::SetMonthlyBudget is not documented
New doxygen warnings checker	Compare doxygen warnings and errors	2026-09-15T10:06:26.9190653Z > /home/runner/work/openspacettd/openspacettd/src/portal/transfer_journal.h:$: warning: Compound TransferCheckpoint is not documented.
New doxygen warnings checker	Compare doxygen warnings and errors	2026-09-15T10:06:26.9191630Z > /home/runner/work/openspacettd/openspacettd/src/portal/transfer_journal.h:$: warning: Documentation for enum member 'TransferCheckpointState::Confirmed' is missing.
New doxygen warnings checker	Compare doxygen warnings and errors	2026-09-15T10:06:26.9192691Z > /home/runner/work/openspacettd/openspacettd/src/portal/transfer_journal.h:$: warning: Documentation for enum member 'TransferCheckpointState::Departed' is missing.
New doxygen warnings checker	Compare doxygen warnings and errors	2026-09-15T10:06:26.9193906Z > /home/runner/work/openspacettd/openspacettd/src/portal/transfer_journal.h:$: warning: Documentation for enum member 'TransferCheckpointState::Materialized' is missing.
New doxygen warnings checker	Compare doxygen warnings and errors	2026-09-15T10:06:26.9195012Z > /home/runner/work/openspacettd/openspacettd/src/portal/transfer_journal.h:$: warning: Documentation for enum member 'TransferCheckpointState::Prepared' is missing.
New doxygen warnings checker	Compare doxygen warnings and errors	2026-09-15T10:06:26.9196321Z > /home/runner/work/openspacettd/openspacettd/src/portal/transfer_journal.h:$: warning: Member ConfirmArrival(uint32_t source_world, const std::string &request_id, const std::string &receipt) (function) of class TransferJournal is not documented.
New doxygen warnings checker	Compare doxygen warnings and errors	2026-09-15T10:06:26.9197735Z > /home/runner/work/openspacettd/openspacettd/src/portal/transfer_journal.h:$: warning: Member Find(uint32_t source_world, const std::string &request_id) (function) of class TransferJournal is not documented.
New doxygen warnings checker	Compare doxygen warnings and errors	2026-09-15T10:06:26.9198993Z > /home/runner/work/openspacettd/openspacettd/src/portal/transfer_journal.h:$: warning: Member FindByTransferId(const std::string &transfer_id) (function) of class TransferJournal is not documented.
New doxygen warnings checker	Compare doxygen warnings and errors	2026-09-15T10:06:26.9200112Z > /home/runner/work/openspacettd/openspacettd/src/portal/transfer_journal.h:$: warning: Member GetAll() (function) of class TransferJournal is not documented.
New doxygen warnings checker	Compare doxygen warnings and errors	2026-09-15T10:06:26.9201201Z > /home/runner/work/openspacettd/openspacettd/src/portal/transfer_journal.h:$: warning: Member HasArrival(const std::string &transfer_id) (function) of class TransferJournal is not documented.
New doxygen warnings checker	Compare doxygen warnings and errors	2026-09-15T10:06:26.9202332Z > /home/runner/work/openspacettd/openspacettd/src/portal/transfer_journal.h:$: warning: Member IsValid() const (function) of struct TransferCheckpoint is not documented.
New doxygen warnings checker	Compare doxygen warnings and errors	2026-09-15T10:06:26.9203718Z > /home/runner/work/openspacettd/openspacettd/src/portal/transfer_journal.h:$: warning: Member Prepare(const TransferCheckpoint &record) (function) of class TransferJournal is not documented.
New doxygen warnings checker	Compare doxygen warnings and errors	2026-09-15T10:06:26.9205035Z > /home/runner/work/openspacettd/openspacettd/src/portal/transfer_journal.h:$: warning: Member Reset() (function) of class TransferJournal is not documented.
New doxygen warnings checker	Compare doxygen warnings and errors	2026-09-15T10:06:26.9206110Z > /home/runner/work/openspacettd/openspacettd/src/portal/transfer_journal.h:$: warning: Member TransferCheckpointState (enumeration) of file transfer_journal.h is not documented.
New doxygen warnings checker	Compare doxygen warnings and errors	2026-09-15T10:06:26.9207225Z > /home/runner/work/openspacettd/openspacettd/src/portal/transfer_journal.h:$: warning: Member arrival_receipt (variable) of struct TransferCheckpoint is not documented.
New doxygen warnings checker	Compare doxygen warnings and errors	2026-09-15T10:06:26.9208302Z > /home/runner/work/openspacettd/openspacettd/src/portal/transfer_journal.h:$: warning: Member consist_sequence (variable) of struct TransferCheckpoint is not documented.
New doxygen warnings checker	Compare doxygen warnings and errors	2026-09-15T10:06:26.9209381Z > /home/runner/work/openspacettd/openspacettd/src/portal/transfer_journal.h:$: warning: Member destination_world (variable) of struct TransferCheckpoint is not documented.
New doxygen warnings checker	Compare doxygen warnings and errors	2026-09-15T10:06:26.9210447Z > /home/runner/work/openspacettd/openspacettd/src/portal/transfer_journal.h:$: warning: Member namespace_high (variable) of struct TransferCheckpoint is not documented.
New doxygen warnings checker	Compare doxygen warnings and errors	2026-09-15T10:06:26.9211498Z > /home/runner/work/openspacettd/openspacettd/src/portal/transfer_journal.h:$: warning: Member namespace_low (variable) of struct TransferCheckpoint is not documented.
New doxygen warnings checker	Compare doxygen warnings and errors	2026-09-15T10:06:26.9212850Z > /home/runner/work/openspacettd/openspacettd/src/portal/transfer_journal.h:$: warning: Member operator==(const TransferCheckpoint &) const =default (function) of struct TransferCheckpoint is not documented.
New doxygen warnings checker	Compare doxygen warnings and errors	2026-09-15T10:06:26.9214239Z > /home/runner/work/openspacettd/openspacettd/src/portal/transfer_journal.h:$: warning: Member records (variable) of class TransferJournal is not documented.
New doxygen warnings checker	Compare doxygen warnings and errors	2026-09-15T10:06:26.9215272Z > /home/runner/work/openspacettd/openspacettd/src/portal/transfer_journal.h:$: warning: Member request_id (variable) of struct TransferCheckpoint is not documented.
New doxygen warnings checker	Compare doxygen warnings and errors	2026-09-15T10:06:26.9216300Z > /home/runner/work/openspacettd/openspacettd/src/portal/transfer_journal.h:$: warning: Member snapshot (variable) of struct TransferCheckpoint is not documented.
New doxygen warnings checker	Compare doxygen warnings and errors	2026-09-15T10:06:26.9217326Z > /home/runner/work/openspacettd/openspacettd/src/portal/transfer_journal.h:$: warning: Member source_world (variable) of struct TransferCheckpoint is not documented.
New doxygen warnings checker	Compare doxygen warnings and errors	2026-09-15T10:06:26.9218351Z > /home/runner/work/openspacettd/openspacettd/src/portal/transfer_journal.h:$: warning: Member state (variable) of struct TransferCheckpoint is not documented.
New doxygen warnings checker	Compare doxygen warnings and errors	2026-09-15T10:06:26.9219358Z > /home/runner/work/openspacettd/openspacettd/src/portal/transfer_journal.h:$: warning: Member transfer_id (variable) of struct TransferCheckpoint is not documented.
New doxygen warnings checker	Compare doxygen warnings and errors	2026-09-15T10:06:26.9220387Z > /home/runner/work/openspacettd/openspacettd/src/portal/transfer_journal.h:$: warning: parameters of member TransferJournal::BindTransfer are not documented
New doxygen warnings checker	Compare doxygen warnings and errors	2026-09-15T10:06:26.9221393Z > /home/runner/work/openspacettd/openspacettd/src/portal/transfer_journal.h:$: warning: parameters of member TransferJournal::MarkDeparted are not documented
New doxygen warnings checker	Compare doxygen warnings and errors	2026-09-15T10:06:26.9222376Z > /home/runner/work/openspacettd/openspacettd/src/portal/transfer_journal.h:$: warning: parameters of member TransferJournal::RecordArrival are not documented
New doxygen warnings checker	Compare doxygen warnings and errors	2026-09-15T10:06:26.9223363Z > /home/runner/work/openspacettd/openspacettd/src/portal/transfer_journal.h:$: warning: parameters of member TransferJournal::Restore are not documented
New doxygen warnings checker	Compare doxygen warnings and errors	2026-09-15T10:06:26.9224565Z > /home/runner/work/openspacettd/openspacettd/src/portal/transfer_journal.h:$: warning: return type of member TransferJournal::BindTransfer is not documented
New doxygen warnings checker	Compare doxygen warnings and errors	2026-09-15T10:06:26.9225557Z > /home/runner/work/openspacettd/openspacettd/src/portal/transfer_journal.h:$: warning: return type of member TransferJournal::MarkDeparted is not documented
New doxygen warnings checker	Compare doxygen warnings and errors	2026-09-15T10:06:26.9226713Z > /home/runner/work/openspacettd/openspacettd/src/portal/transfer_journal.h:$: warning: return type of member TransferJournal::RecordArrival is not documented
New doxygen warnings checker	Compare doxygen warnings and errors	2026-09-15T10:06:26.9227684Z > /home/runner/work/openspacettd/openspacettd/src/portal/transfer_journal.h:$: warning: return type of member TransferJournal::Restore is not documented
New doxygen warnings checker	Compare doxygen warnings and errors	2026-09-15T10:06:26.9228588Z > /home/runner/work/openspacettd/openspacettd/src/saveload/planet_sl.cpp:$: warning: Compound FTJRChunkHandler is not documented.
New doxygen warnings checker	Compare doxygen warnings and errors	2026-09-15T10:06:26.9229478Z > /home/runner/work/openspacettd/openspacettd/src/saveload/planet_sl.cpp:$: warning: Member FTJR (variable) of file planet_sl.cpp is not documented.
New doxygen warnings checker	Compare doxygen warnings and errors	2026-09-15T10:06:26.9230402Z > /home/runner/work/openspacettd/openspacettd/src/saveload/planet_sl.cpp:$: warning: Member ISPR (variable) of file planet_sl.cpp is not documented.
New doxygen warnings checker	Compare doxygen warnings and errors	2026-09-15T10:06:26.9231333Z > /home/runner/work/openspacettd/openspacettd/src/saveload/planet_sl.cpp:$: warning: Member PROD (variable) of file planet_sl.cpp is not documented.
New doxygen warnings checker	Compare doxygen warnings and errors	2026-09-15T10:06:26.9232245Z > /home/runner/work/openspacettd/openspacettd/src/saveload/planet_sl.cpp:$: warning: Member TECH (variable) of file planet_sl.cpp is not documented.
New doxygen warnings checker	Compare doxygen warnings and errors	2026-09-15T10:06:26.9233247Z > /home/runner/work/openspacettd/openspacettd/src/saveload/planet_sl.cpp:$: warning: Member _interserver_portal_desc[] (variable) of file planet_sl.cpp is not documented.
New doxygen warnings checker	Compare doxygen warnings and errors	2026-09-15T10:06:26.9234583Z > /home/runner/work/openspacettd/openspacettd/src/saveload/planet_sl.cpp:$: warning: Member _prod_desc[] (variable) of file planet_sl.cpp is not documented.
New doxygen warnings checker	Compare doxygen warnings and errors	2026-09-15T10:06:26.9235551Z > /home/runner/work/openspacettd/openspacettd/src/saveload/planet_sl.cpp:$: warning: Member _tech_desc[] (variable) of file planet_sl.cpp is not documented.
New doxygen warnings checker	Compare doxygen warnings and errors	2026-09-15T10:06:26.9236565Z > /home/runner/work/openspacettd/openspacettd/src/saveload/planet_sl.cpp:$: warning: Member _transfer_checkpoint_desc[] (variable) of file planet_sl.cpp is not documented.
New doxygen warnings checker	Compare doxygen warnings and errors	2026-09-15T10:06:26.9237617Z > /home/runner/work/openspacettd/openspacettd/src/saveload/planet_sl.cpp:$: warning: Member enter_dir (variable) of struct SlInterServerPortal is not documented.
New doxygen warnings checker	Compare doxygen warnings and errors	2026-09-15T10:06:26.9238608Z > /home/runner/work/openspacettd/openspacettd/src/saveload/planet_sl.cpp:$: warning: Member id (variable) of struct SlInterServerPortal is not documented.
New doxygen warnings checker	Compare doxygen warnings and errors	2026-09-15T10:06:26.9239593Z > /home/runner/work/openspacettd/openspacettd/src/saveload/planet_sl.cpp:$: warning: Member local_world (variable) of struct SlInterServerPortal is not documented.
New doxygen warnings checker	Compare doxygen warnings and errors	2026-09-15T10:06:26.9240632Z > /home/runner/work/openspacettd/openspacettd/src/saveload/planet_sl.cpp:$: warning: Member remote_gate_id (variable) of struct SlInterServerPortal is not documented.
New doxygen warnings checker	Compare doxygen warnings and errors	2026-09-15T10:06:26.9241662Z > /home/runner/work/openspacettd/openspacettd/src/saveload/planet_sl.cpp:$: warning: Member remote_world (variable) of struct SlInterServerPortal is not documented.
New doxygen warnings checker	Compare doxygen warnings and errors	2026-09-15T10:06:26.9242676Z > /home/runner/work/openspacettd/openspacettd/src/saveload/planet_sl.cpp:$: warning: Member tile (variable) of struct SlInterServerPortal is not documented.
New doxygen warnings checker	Compare doxygen warnings and errors	2026-09-15T10:06:26.9243686Z > /home/runner/work/openspacettd/openspacettd/src/saveload/planet_sl.cpp:$: warning: Member virtual_length (variable) of struct SlInterServerPortal is not documented.
New doxygen warnings checker	Compare doxygen warnings and errors	2026-09-15T10:06:26.9244932Z > /home/runner/work/openspacettd/openspacettd/src/station_func.h:$: warning: parameters of member AddProducedCargoToStation are not documented
New doxygen warnings checker	Compare doxygen warnings and errors	2026-09-15T10:06:26.9245858Z > /home/runner/work/openspacettd/openspacettd/src/station_func.h:$: warning: return type of member AddProducedCargoToStation is not documented
New doxygen warnings checker	Compare doxygen warnings and errors	2026-09-15T10:06:26.9246676Z > <AcceptsCargo>:$: warning: parameters of member ProductionChainManager::AcceptsCargo are not documented
New doxygen warnings checker	Compare doxygen warnings and errors	2026-09-15T10:06:26.9247591Z > <AuthorityCallbackRelay>:$: warning: parameters of member anonymous_namespace{authority_transport.cpp}::AuthorityCallbackRelay::AuthorityCallbackRelay are not documented
New doxygen warnings checker	Compare doxygen warnings and errors	2026-09-15T10:06:26.9248493Z > <AuthorityRequest>:$: warning: parameters of member AuthorityRequest::AuthorityRequest are not documented
New doxygen warnings checker	Compare doxygen warnings and errors	2026-09-15T10:06:26.9249238Z > <Base64Decode>:$: warning: parameters of member Base64Decode are not documented
New doxygen warnings checker	Compare doxygen warnings and errors	2026-09-15T10:06:26.9249729Z > <Base64Encode>:$: warning: parameters of member Base64Encode are not documented
New doxygen warnings checker	Compare doxygen warnings and errors	2026-09-15T10:06:26.9250369Z > <CanConstructFacility>:$: warning: parameters of member ProductionChainManager::CanConstructFacility are not documented
New doxygen warnings checker	Compare doxygen warnings and errors	2026-09-15T10:06:26.9251037Z > <Cancel>:$: warning: parameters of member AuthorityRequest::Cancel are not documented
New doxygen warnings checker	Compare doxygen warnings and errors	2026-09-15T10:06:26.9251689Z > <ChangeCompanyOwner>:$: warning: parameters of member ProductionChainManager::ChangeCompanyOwner are not documented
New doxygen warnings checker	Compare doxygen warnings and errors	2026-09-15T10:06:26.9252432Z > <CmdRemoveProcessingFacility>:$: warning: parameters of member CmdRemoveProcessingFacility are not documented
New doxygen warnings checker	Compare doxygen warnings and errors	2026-09-15T10:06:26.9253117Z > <ConfirmArrival>:$: warning: parameters of member TransferJournal::ConfirmArrival are not documented
New doxygen warnings checker	Compare doxygen warnings and errors	2026-09-15T10:06:26.9254006Z > <DeliverCargo>:$: warning: parameters of member ProductionChainManager::DeliverCargo are not documented
New doxygen warnings checker	Compare doxygen warnings and errors	2026-09-15T10:06:26.9254705Z > <DeliverToStation>:$: warning: parameters of member ProductionChainManager::DeliverToStation are not documented
New doxygen warnings checker	Compare doxygen warnings and errors	2026-09-15T10:06:26.9255432Z > <DespawnForTransfer>:$: warning: parameters of member ConsistMaterializer::DespawnForTransfer are not documented
New doxygen warnings checker	Compare doxygen warnings and errors	2026-09-15T10:06:26.9256109Z > <EnsureNodesInitialized>:$: warning: parameters of member EnsureNodesInitialized are not documented
New doxygen warnings checker	Compare doxygen warnings and errors	2026-09-15T10:06:26.9256887Z > <ExecuteSync>:$: warning: parameters of member AuthorityRequest::ExecuteSync are not documented
New doxygen warnings checker	Compare doxygen warnings and errors	2026-09-15T10:06:26.9257536Z > <FTJRChunkHandler>:$: warning: parameters of member FTJRChunkHandler::FTJRChunkHandler are not documented
New doxygen warnings checker	Compare doxygen warnings and errors	2026-09-15T10:06:26.9258135Z > <Find>:$: warning: parameters of member TransferJournal::Find are not documented
New doxygen warnings checker	Compare doxygen warnings and errors	2026-09-15T10:06:26.9258708Z > <FindByTransferId>:$: warning: parameters of member TransferJournal::FindByTransferId are not documented
New doxygen warnings checker	Compare doxygen warnings and errors	2026-09-15T10:06:26.9259308Z > <GetAll>:$: warning: parameters of member TransferJournal::GetAll are not documented
New doxygen warnings checker	Compare doxygen warnings and errors	2026-09-15T10:06:26.9259924Z > <GetAllFacilities>:$: warning: parameters of member ProductionChainManager::GetAllFacilities are not documented
New doxygen warnings checker	Compare doxygen warnings and errors	2026-09-15T10:06:26.9260607Z > <GetAllRecipes>:$: warning: parameters of member ProductionChainManager::GetAllRecipes are not documented
New doxygen warnings checker	Compare doxygen warnings and errors	2026-09-15T10:06:26.9261312Z > <GetAuthorityUrl>:$: warning: parameters of member FederationTransferManager::GetAuthorityUrl are not documented
New doxygen warnings checker	Compare doxygen warnings and errors	2026-09-15T10:06:26.9262012Z > <GetDefaultCargo>:$: warning: parameters of member ProductionChainManager::GetDefaultCargo are not documented
New doxygen warnings checker	Compare doxygen warnings and errors	2026-09-15T10:06:26.9262638Z > <GetError>:$: warning: parameters of member AuthorityRequest::GetError are not documented
New doxygen warnings checker	Compare doxygen warnings and errors	2026-09-15T10:06:26.9263239Z > <GetFacility>:$: warning: parameters of member ProductionChainManager::GetFacility are not documented
New doxygen warnings checker	Compare doxygen warnings and errors	2026-09-15T10:06:26.9264120Z > <GetFacilityAtTile>:$: warning: parameters of member ProductionChainManager::GetFacilityAtTile are not documented
New doxygen warnings checker	Compare doxygen warnings and errors	2026-09-15T10:06:26.9264907Z > <GetFacilityForStation>:$: warning: parameters of member ProductionChainManager::GetFacilityForStation are not documented
New doxygen warnings checker	Compare doxygen warnings and errors	2026-09-15T10:06:26.9265635Z > <GetRecipe>:$: warning: parameters of member ProductionChainManager::GetRecipe are not documented
New doxygen warnings checker	Compare doxygen warnings and errors	2026-09-15T10:06:26.9266343Z > <GetRecipesByPipeline>:$: warning: parameters of member ProductionChainManager::GetRecipesByPipeline are not documented
New doxygen warnings checker	Compare doxygen warnings and errors	2026-09-15T10:06:26.9267042Z > <GetResponse>:$: warning: parameters of member AuthorityRequest::GetResponse are not documented
New doxygen warnings checker	Compare doxygen warnings and errors	2026-09-15T10:06:26.9267633Z > <HasArrival>:$: warning: parameters of member TransferJournal::HasArrival are not documented
New doxygen warnings checker	Compare doxygen warnings and errors	2026-09-15T10:06:26.9268319Z > <HasExternalAuthority>:$: warning: parameters of member FederationTransferManager::HasExternalAuthority are not documented
New doxygen warnings checker	Compare doxygen warnings and errors	2026-09-15T10:06:26.9269057Z > <ISPRChunkHandler>:$: warning: parameters of member ISPRChunkHandler::ISPRChunkHandler are not documented
New doxygen warnings checker	Compare doxygen warnings and errors	2026-09-15T10:06:26.9269930Z > <InitDefaultRecipes>:$: warning: parameters of member ProductionChainManager::InitDefaultRecipes are not documented
New doxygen warnings checker	Compare doxygen warnings and errors	2026-09-15T10:06:26.9270632Z > <Initialize>:$: warning: parameters of member CommonwealthPackManager::Initialize are not documented
New doxygen warnings checker	Compare doxygen warnings and errors	2026-09-15T10:06:26.9271239Z > <IsFinished>:$: warning: parameters of member AuthorityRequest::IsFinished are not documented
New doxygen warnings checker	Compare doxygen warnings and errors	2026-09-15T10:06:26.9271811Z > <IsValid>:$: warning: parameters of member TransferCheckpoint::IsValid are not documented
New doxygen warnings checker	Compare doxygen warnings and errors	2026-09-15T10:06:26.9272415Z > <PRODChunkHandler>:$: warning: parameters of member PRODChunkHandler::PRODChunkHandler are not documented
New doxygen warnings checker	Compare doxygen warnings and errors	2026-09-15T10:06:26.9273018Z > <Prepare>:$: warning: parameters of member TransferJournal::Prepare are not documented
New doxygen warnings checker	Compare doxygen warnings and errors	2026-09-15T10:06:26.9273711Z > <ProcessMonthlyProduction>:$: warning: parameters of member ProductionChainManager::ProcessMonthlyProduction are not documented
New doxygen warnings checker	Compare doxygen warnings and errors	2026-09-15T10:06:26.9274708Z > <RegisterFacility>:$: warning: parameters of member ProductionChainManager::RegisterFacility are not documented
New doxygen warnings checker	Compare doxygen warnings and errors	2026-09-15T10:06:26.9275436Z > <RegisterRecipe>:$: warning: parameters of member ProductionChainManager::RegisterRecipe are not documented
New doxygen warnings checker	Compare doxygen warnings and errors	2026-09-15T10:06:26.9276057Z > <Reset>:$: warning: parameters of member ProductionChainManager::Reset are not documented
New doxygen warnings checker	Compare doxygen warnings and errors	2026-09-15T10:06:26.9276612Z > <Reset>:$: warning: parameters of member TransferJournal::Reset are not documented
New doxygen warnings checker	Compare doxygen warnings and errors	2026-09-15T10:06:26.9277463Z > <RestoreFacility>:$: warning: parameters of member ProductionChainManager::RestoreFacility are not documented
New doxygen warnings checker	Compare doxygen warnings and errors	2026-09-15T10:06:26.9278072Z > <Start>:$: warning: parameters of member AuthorityRequest::Start are not documented
New doxygen warnings checker	Compare doxygen warnings and errors	2026-09-15T10:06:26.9278612Z > <Succeeded>:$: warning: parameters of member AuthorityRequest::Succeeded are not documented
New doxygen warnings checker	Compare doxygen warnings and errors	2026-09-15T10:06:26.9279228Z > <TECHChunkHandler>:$: warning: parameters of member TECHChunkHandler::TECHChunkHandler are not documented
New doxygen warnings checker	Compare doxygen warnings and errors	2026-09-15T10:06:26.9279936Z > <UnregisterFacility>:$: warning: parameters of member ProductionChainManager::UnregisterFacility are not documented
New doxygen warnings checker	Compare doxygen warnings and errors	2026-09-15T10:06:26.9280664Z > <WithdrawOutput>:$: warning: parameters of member ProductionChainManager::WithdrawOutput are not documented
New doxygen warnings checker	Compare doxygen warnings and errors	2026-09-15T10:06:26.9294004Z ##[error]Process completed with exit code 1.
